Assuming unrestricted shared filesystem usage.
host: DESKTOP-NF3504B
Building DAG of jobs...
Using shell: /usr/bin/bash
Provided cores: 8
Rules claiming more threads will be scaled down.
Job stats:
job      count
-----  -------
fastp        1
total        1

Select jobs to execute...
Execute 1 jobs...
[Tue May 12 15:46:24 2026]
localrule fastp:
    input: data/WR241371D_R1.fq.gz, data/WR241371D_R2.fq.gz
    output: analysis/clean/WR241371D_R1.fq.gz, analysis/clean/WR241371D_R2.fq.gz, analysis/json/WR241371D.json, analysis/html/WR241371D.html
    log: log/fastp/WR241371D.log
    jobid: 0
    reason: Code has changed since last execution
    wildcards: sample=WR241371D
    threads: 8
    resources: tmpdir=/tmp
Terminating processes on user request, this might take some time.
RuleException:
CalledProcessError in file "/home/zhangxuejie/workspace/QC/Snakefile", line 22:
Command 'set -euo pipefail;  fastp --in1 data/WR241371D_R1.fq.gz --in2 data/WR241371D_R2.fq.gz --out1 analysis/clean/WR241371D_R1.fq.gz --out2 analysis/clean/WR241371D_R2.fq.gz --detect_adapter_for_pe --thread 8 --json analysis/json/WR241371D.json --html analysis/html/WR241371D.html 2> log/fastp/WR241371D.log' died with <Signals.SIGINT: 2>.
[Tue May 12 15:46:32 2026]
Error in rule fastp:
    message: None
    jobid: 0
    input: data/WR241371D_R1.fq.gz, data/WR241371D_R2.fq.gz
    output: analysis/clean/WR241371D_R1.fq.gz, analysis/clean/WR241371D_R2.fq.gz, analysis/json/WR241371D.json, analysis/html/WR241371D.html
    log: log/fastp/WR241371D.log (check log file(s) for error details)
    shell:
        fastp --in1 data/WR241371D_R1.fq.gz --in2 data/WR241371D_R2.fq.gz --out1 analysis/clean/WR241371D_R1.fq.gz --out2 analysis/clean/WR241371D_R2.fq.gz --detect_adapter_for_pe --thread 8 --json analysis/json/WR241371D.json --html analysis/html/WR241371D.html 2> log/fastp/WR241371D.log
        (command exited with non-zero exit code)
Complete log(s): /home/zhangxuejie/workspace/QC/.snakemake/log/2026-05-12T154624.852246.snakemake.log
WorkflowError:
At least one job did not complete successfully.
