Assuming unrestricted shared filesystem usage.
host: DESKTOP-NF3504B
Building DAG of jobs...
Using shell: /usr/bin/bash
Provided cores: 12
Rules claiming more threads will be scaled down.
Job stats:
job      count
-----  -------
fastp        1
total        1

Select jobs to execute...
Execute 1 jobs...
[Tue May 12 15:47:16 2026]
localrule fastp:
    input: data/WR241371D_R1.fq.gz, data/WR241371D_R2.fq.gz
    output: analysis/clean/WR241371D_R1.fq.gz, analysis/clean/WR241371D_R2.fq.gz, analysis/json/WR241371D.json, analysis/html/WR241371D.html
    log: log/fastp/WR241371D.log
    jobid: 0
    reason: Code has changed since last execution
    wildcards: sample=WR241371D
    threads: 12
    resources: tmpdir=/tmp
[Tue May 12 15:48:55 2026]
Finished jobid: 0 (Rule: fastp)
1 of 1 steps (100%) done
Complete log(s): /home/zhangxuejie/workspace/QC/.snakemake/log/2026-05-12T154715.922335.snakemake.log
