Java memory size is set to 8G
Launching application...

QualiMap v.2.3
Built on 2023-05-19 16:57

Selected tool: bamqc
Available memory (Mb): 37
Max memory (Mb): 8589
Wed Jun 10 11:05:32 CST 2026		WARNING	Output folder already exists, the results will be saved there

Starting bam qc....
Loading sam header...
Loading locator...
Loading reference...
Number of windows: 400, effective number of windows: 1105
Chunk of reads size: 1000
Number of threads: 12
Processed 110 out of 1105 windows...
Processed 220 out of 1105 windows...
Processed 330 out of 1105 windows...
Processed 440 out of 1105 windows...
Processed 550 out of 1105 windows...
Processed 660 out of 1105 windows...
Processed 770 out of 1105 windows...
Processed 880 out of 1105 windows...
Processed 990 out of 1105 windows...
Processed 1100 out of 1105 windows...
Total processed windows:1105
Number of reads: 1726417
Number of valid reads: 1680367
Number of correct strand reads:0

Inside of regions...
Num mapped reads: 1680367
Num mapped first of pair: 0
Num mapped second of pair: 0
Num singletons: 0
Time taken to analyze reads: 23
Computing descriptors...
numberOfMappedBases: 41628030
referenceSize: 3291585349
numberOfSequencedBases: 41628030
numberOfAs: 9735580
Computing per chromosome statistics...
Computing histograms...
Overall analysis time: 23
end of bam qc
Computing report...
Writing HTML report...
HTML report created successfully

Finished
