Detecting adapter sequence for read1...
No adapter detected for read1

Detecting adapter sequence for read2...
No adapter detected for read2

Read1 before filtering:
total reads: 81634
total bases: 20408500
Q20 bases: 20055349(98.2696%)
Q30 bases: 19273285(94.4375%)
Q40 bases: 0(0%)

Read2 before filtering:
total reads: 81634
total bases: 20408500
Q20 bases: 19794787(96.9929%)
Q30 bases: 18899802(92.6075%)
Q40 bases: 0(0%)

Read1 after filtering:
total reads: 79840
total bases: 19959577
Q20 bases: 19618942(98.2934%)
Q30 bases: 18855308(94.4675%)
Q40 bases: 0(0%)

Read2 after filtering:
total reads: 79840
total bases: 19959312
Q20 bases: 19545767(97.9281%)
Q30 bases: 18702207(93.7017%)
Q40 bases: 0(0%)

Filtering result:
reads passed filter: 159680
reads failed due to low quality: 2554
reads failed due to too many N: 30
reads failed due to too short: 1004
reads failed due to adapter dimer: 0
reads with adapter trimmed: 8
bases trimmed due to adapters: 596

Duplication rate: 45.176%

Insert size peak (evaluated by paired-end reads): 469

JSON report: analysis/json/WR241371D.json
HTML report: analysis/html/WR241371D.html

fastp --in1 data/WR241371D_R1.fq.gz --in2 data/WR241371D_R2.fq.gz --out1 analysis/clean/WR241371D_R1.fq.gz --out2 analysis/clean/WR241371D_R2.fq.gz --detect_adapter_for_pe --thread 12 --json analysis/json/WR241371D.json --html analysis/html/WR241371D.html 
fastp v1.3.3, time used: 99 seconds
